Input an infix expression and output its postfix notation:
52-9-9+5-9-3+3-2-4-7-9-5-8-8-4-6+5+8+7+2+7+3-1+3-7-8+7-3+5-
End of program.
