Input an infix expression and output its postfix notation:
03+9+9+0+1+6-8-3+5-8-4+3-2+2+4-0-4+2+8-5-5+5+6-7+6+8-0+2+6-
End of program.
