Input an infix expression and output its postfix notation:
30-9-1+9+6+1-2-8+3-9+6+0+9-2-0+8+2-4-3+5-1+9+6+9+7-1-1-4-9-
End of program.
