Input an infix expression and output its postfix notation:
36+1-3+2+8-3+9+7-6+2+7+6+9-7+0+4+9+3-2-4-5-0-8+5-8-8-7-8-6-
End of program.
