Input an infix expression and output its postfix notation:
85-0-2-1-4-1+4+8-7-2+1-7-3-5-6-1+8-3-3-8+4-0+6-8+8-3+3+9-0+
End of program.
