Input an infix expression and output its postfix notation:
05-4-6+2-3+9+1-8-4-5-3-9+9-5+5-3+1-8-2-8-6-8+9+8+5+2+0-6-8+
End of program.
